/home/fr909/Desktop/chris_4/project/base_systems/ml605/implementation/system.ngc 1371653909
/home/fr909/Desktop/chris_4/project/base_systems/ml605/implementation/system_proc_sys_reset_0_wrapper.ngc 1371653096
/home/fr909/Desktop/chris_4/project/base_systems/ml605/implementation/system_clock_generator_0_wrapper.ngc 1371653633
/home/fr909/Desktop/chris_4/project/base_systems/ml605/implementation/system_plbv46_pcie_0_wrapper.ngc 1371653637
/home/fr909/Desktop/chris_4/project/base_systems/ml605/implementation/system_pcie_diff_clk_0_wrapper.ngc 1371653081
/home/fr909/Desktop/chris_4/project/base_systems/ml605/implementation/system_mb_plb_wrapper.ngc 1371653090
/home/fr909/Desktop/chris_4/project/base_systems/ml605/implementation/system_central_notifier_0_wrapper.ngc 1371653641
/home/fr909/Desktop/chris_4/project/base_systems/ml605/implementation/system_riffa_0_wrapper.ngc 1371653650
/home/fr909/Desktop/chris_4/project/base_systems/ml605/implementation/system_xps_central_dma_0_wrapper.ngc 1371653282
/home/fr909/Desktop/chris_4/project/base_systems/ml605/implementation/system_xps_bram_if_cntlr_0_wrapper.ngc 1371653309
/home/fr909/Desktop/chris_4/project/base_systems/ml605/implementation/system_simpbus_slv_plbv46_adapter_0_wrapper.ngc 1371653316
/home/fr909/Desktop/chris_4/project/base_systems/ml605/implementation/system_simpbus_mst_plbv46_adapter_0_wrapper.ngc 1371653322
/home/fr909/Desktop/chris_4/project/base_systems/ml605/implementation/system_xps_bram_if_cntlr_1_wrapper.ngc 1371653629
/home/fr909/Desktop/chris_4/project/base_systems/ml605/implementation/system_bram_block_0_wrapper.ngc 1371653302
/home/fr909/Desktop/chris_4/project/base_systems/ml605/implementation/system_bram_block_1_wrapper.ngc 1371653622
OK
